mode: set
pvz_service/cmd/pvz_service/http/main.go:22.13,24.16 2 0
pvz_service/cmd/pvz_service/http/main.go:24.16,26.3 1 0
pvz_service/cmd/pvz_service/http/main.go:28.2,38.16 7 0
pvz_service/cmd/pvz_service/http/main.go:38.16,41.3 2 0
pvz_service/cmd/pvz_service/http/main.go:42.2,46.16 4 0
pvz_service/cmd/pvz_service/http/main.go:46.16,49.3 2 0
pvz_service/cmd/pvz_service/http/main.go:51.2,82.16 19 0
pvz_service/cmd/pvz_service/http/main.go:82.16,85.3 2 0
pvz_service/cmd/pvz_service/http/main.go:87.2,87.53 1 0
pvz_service/cmd/pvz_service/grpc/main.go:20.13,22.16 2 0
pvz_service/cmd/pvz_service/grpc/main.go:22.16,24.3 1 0
pvz_service/cmd/pvz_service/grpc/main.go:26.2,29.16 3 0
pvz_service/cmd/pvz_service/grpc/main.go:29.16,32.3 2 0
pvz_service/cmd/pvz_service/grpc/main.go:33.2,41.16 6 0
pvz_service/cmd/pvz_service/grpc/main.go:41.16,43.3 1 0
pvz_service/cmd/pvz_service/grpc/main.go:45.2,53.37 6 0
pvz_service/cmd/pvz_service/grpc/main.go:53.37,55.3 1 0
pvz_service/internal/app/auth/mocks/repository_mock.go:33.73,37.2 3 1
pvz_service/internal/app/auth/mocks/repository_mock.go:40.71,42.2 1 1
pvz_service/internal/app/auth/mocks/repository_mock.go:45.106,50.2 4 1
pvz_service/internal/app/auth/mocks/repository_mock.go:53.92,56.2 2 1
pvz_service/internal/app/auth/mocks/repository_mock.go:59.85,64.2 4 1
pvz_service/internal/app/auth/mocks/repository_mock.go:67.82,70.2 2 1
pvz_service/internal/app/auth/mocks/repository_mock.go:73.100,79.2 5 1
pvz_service/internal/app/auth/mocks/repository_mock.go:82.87,85.2 2 1
pvz_service/internal/app/auth/mocks/service_mock.go:34.77,38.2 3 1
pvz_service/internal/app/auth/mocks/service_mock.go:41.75,43.2 1 1
pvz_service/internal/app/auth/mocks/service_mock.go:46.130,52.2 5 1
pvz_service/internal/app/auth/mocks/service_mock.go:55.102,58.2 2 1
pvz_service/internal/app/auth/mocks/service_mock.go:61.137,67.2 5 1
pvz_service/internal/app/auth/mocks/service_mock.go:70.99,73.2 2 1
pvz_service/internal/app/auth/mocks/service_mock.go:76.131,82.2 5 1
pvz_service/internal/app/auth/mocks/service_mock.go:85.98,88.2 2 1
pvz_service/internal/config/config.go:54.41,58.16 3 0
pvz_service/internal/config/config.go:58.16,60.3 1 0
pvz_service/internal/config/config.go:62.2,62.18 1 0
pvz_service/internal/storage/postgres/postgres.go:18.56,27.16 3 0
pvz_service/internal/storage/postgres/postgres.go:27.16,29.3 1 0
pvz_service/internal/storage/postgres/postgres.go:31.2,35.30 4 0
pvz_service/internal/storage/postgres/postgres.go:38.51,40.2 1 0
pvz_service/internal/storage/postgres/postgres.go:42.33,44.2 1 0
pvz_service/internal/app/product/handler.go:22.89,27.2 1 1
pvz_service/internal/app/product/handler.go:29.77,39.16 5 1
pvz_service/internal/app/product/handler.go:39.16,43.3 3 1
pvz_service/internal/app/product/handler.go:45.2,46.16 2 1
pvz_service/internal/app/product/handler.go:46.16,50.3 3 1
pvz_service/internal/app/product/handler.go:52.2,63.8 4 1
pvz_service/internal/app/product/handler.go:66.80,76.16 5 1
pvz_service/internal/app/product/handler.go:76.16,84.3 3 1
pvz_service/internal/app/product/handler.go:86.2,89.16 3 1
pvz_service/internal/app/product/handler.go:89.16,97.3 3 1
pvz_service/internal/app/product/handler.go:99.2,108.8 3 1
pvz_service/internal/app/product/repository.go:23.60,27.2 1 1
pvz_service/internal/app/product/repository.go:29.84,49.16 4 1
pvz_service/internal/app/product/repository.go:49.16,51.3 1 1
pvz_service/internal/app/product/repository.go:53.2,53.29 1 1
pvz_service/internal/app/product/repository.go:56.92,80.16 4 1
pvz_service/internal/app/product/repository.go:80.16,82.3 1 1
pvz_service/internal/app/product/repository.go:84.2,84.29 1 1
pvz_service/internal/app/product/service.go:29.122,35.2 1 1
pvz_service/internal/app/product/service.go:37.114,46.16 4 1
pvz_service/internal/app/product/service.go:46.16,48.3 1 1
pvz_service/internal/app/product/service.go:50.2,51.16 2 1
pvz_service/internal/app/product/service.go:51.16,54.3 2 1
pvz_service/internal/app/product/service.go:56.2,56.15 1 1
pvz_service/internal/app/product/service.go:56.15,59.3 2 1
pvz_service/internal/app/product/service.go:61.2,62.16 2 1
pvz_service/internal/app/product/service.go:62.16,65.3 2 1
pvz_service/internal/app/product/service.go:67.2,67.25 1 1
pvz_service/internal/app/product/service.go:67.25,70.3 2 1
pvz_service/internal/app/product/service.go:72.2,79.16 3 1
pvz_service/internal/app/product/service.go:79.16,82.3 2 1
pvz_service/internal/app/product/service.go:83.2,83.24 1 1
pvz_service/internal/app/product/service.go:86.96,95.16 4 1
pvz_service/internal/app/product/service.go:95.16,98.3 2 1
pvz_service/internal/app/product/service.go:100.2,100.15 1 1
pvz_service/internal/app/product/service.go:100.15,103.3 2 1
pvz_service/internal/app/product/service.go:105.2,106.16 2 1
pvz_service/internal/app/product/service.go:106.16,109.3 2 1
pvz_service/internal/app/product/service.go:111.2,111.25 1 1
pvz_service/internal/app/product/service.go:111.25,114.3 2 1
pvz_service/internal/app/product/service.go:116.2,117.16 2 1
pvz_service/internal/app/product/service.go:117.16,120.3 2 1
pvz_service/internal/app/product/service.go:122.2,122.21 1 1
pvz_service/internal/app/product/service.go:125.69,127.39 2 1
pvz_service/internal/app/product/service.go:127.39,128.33 1 1
pvz_service/internal/app/product/service.go:128.33,130.4 1 1
pvz_service/internal/app/product/service.go:133.2,133.79 1 1
pvz_service/internal/config/config.go:54.41,58.16 3 0
pvz_service/internal/config/config.go:58.16,60.3 1 0
pvz_service/internal/config/config.go:62.2,62.18 1 0
pvz_service/internal/storage/postgres/postgres.go:18.56,27.16 3 0
pvz_service/internal/storage/postgres/postgres.go:27.16,29.3 1 0
pvz_service/internal/storage/postgres/postgres.go:31.2,35.30 4 0
pvz_service/internal/storage/postgres/postgres.go:38.51,40.2 1 0
pvz_service/internal/storage/postgres/postgres.go:42.33,44.2 1 0
pvz_service/pkg/jwt/mocks/jwt_mock.go:32.69,36.2 3 1
pvz_service/pkg/jwt/mocks/jwt_mock.go:39.67,41.2 1 0
pvz_service/pkg/jwt/mocks/jwt_mock.go:44.83,50.2 5 0
pvz_service/pkg/jwt/mocks/jwt_mock.go:53.78,56.2 2 0
pvz_service/pkg/jwt/mocks/jwt_mock.go:59.86,65.2 5 0
pvz_service/pkg/jwt/mocks/jwt_mock.go:68.85,71.2 2 0
pvz_service/pkg/metrics/metrics.go:40.24,42.12 2 0
pvz_service/pkg/metrics/metrics.go:42.12,44.3 1 0
pvz_service/pkg/metrics/metrics.go:47.81,50.2 2 0
pvz_service/internal/app/auth/handler.go:19.79,24.2 1 1
pvz_service/internal/app/auth/handler.go:26.75,37.16 5 1
pvz_service/internal/app/auth/handler.go:37.16,41.3 3 1
pvz_service/internal/app/auth/handler.go:43.2,44.16 2 1
pvz_service/internal/app/auth/handler.go:44.16,48.3 3 1
pvz_service/internal/app/auth/handler.go:50.2,56.4 2 1
pvz_service/internal/app/auth/handler.go:59.72,69.16 5 1
pvz_service/internal/app/auth/handler.go:69.16,73.3 3 1
pvz_service/internal/app/auth/handler.go:75.2,76.16 2 1
pvz_service/internal/app/auth/handler.go:76.16,80.3 3 1
pvz_service/internal/app/auth/handler.go:82.2,86.4 2 1
pvz_service/internal/app/auth/handler.go:89.77,100.16 5 1
pvz_service/internal/app/auth/handler.go:100.16,104.3 3 1
pvz_service/internal/app/auth/handler.go:106.2,107.16 2 1
pvz_service/internal/app/auth/handler.go:107.16,111.3 3 1
pvz_service/internal/app/auth/handler.go:113.2,117.4 2 1
pvz_service/internal/app/auth/repository.go:23.57,27.2 1 1
pvz_service/internal/app/auth/repository.go:29.66,43.16 3 1
pvz_service/internal/app/auth/repository.go:43.16,45.3 1 1
pvz_service/internal/app/auth/repository.go:47.2,47.12 1 1
pvz_service/internal/app/auth/repository.go:50.87,60.16 4 1
pvz_service/internal/app/auth/repository.go:60.16,62.3 1 1
pvz_service/internal/app/auth/repository.go:64.2,64.20 1 1
pvz_service/internal/app/auth/repository.go:64.20,66.3 1 1
pvz_service/internal/app/auth/repository.go:68.2,68.12 1 1
pvz_service/internal/app/auth/repository.go:71.81,92.16 5 1
pvz_service/internal/app/auth/repository.go:92.16,94.3 1 1
pvz_service/internal/app/auth/repository.go:96.2,96.19 1 1
pvz_service/internal/app/auth/service.go:33.107,38.55 1 1
pvz_service/internal/app/auth/service.go:38.55,41.4 2 1
pvz_service/internal/app/auth/service.go:42.51,44.4 1 1
pvz_service/internal/app/auth/service.go:48.107,57.16 4 1
pvz_service/internal/app/auth/service.go:57.16,63.3 2 1
pvz_service/internal/app/auth/service.go:65.2,66.16 2 1
pvz_service/internal/app/auth/service.go:66.16,69.3 2 1
pvz_service/internal/app/auth/service.go:71.2,72.16 2 1
pvz_service/internal/app/auth/service.go:72.16,75.3 2 1
pvz_service/internal/app/auth/service.go:77.2,87.16 4 1
pvz_service/internal/app/auth/service.go:87.16,90.3 2 1
pvz_service/internal/app/auth/service.go:92.2,92.18 1 1
pvz_service/internal/app/auth/service.go:95.113,104.16 4 1
pvz_service/internal/app/auth/service.go:104.16,107.3 2 1
pvz_service/internal/app/auth/service.go:109.2,110.16 2 1
pvz_service/internal/app/auth/service.go:110.16,113.3 2 1
pvz_service/internal/app/auth/service.go:115.2,116.16 2 1
pvz_service/internal/app/auth/service.go:116.16,119.3 2 1
pvz_service/internal/app/auth/service.go:121.2,121.19 1 1
pvz_service/internal/app/auth/service.go:124.119,132.77 3 1
pvz_service/internal/app/auth/service.go:132.77,135.3 2 1
pvz_service/internal/app/auth/service.go:137.2,138.16 2 1
pvz_service/internal/app/auth/service.go:138.16,141.3 2 1
pvz_service/internal/app/auth/service.go:143.2,143.19 1 1
pvz_service/internal/app/auth/service.go:146.56,147.55 1 1
pvz_service/internal/app/auth/service.go:147.55,149.3 1 1
pvz_service/internal/app/auth/service.go:150.2,150.28 1 1
pvz_service/internal/app/auth/service.go:150.28,152.3 1 1
pvz_service/internal/app/auth/service.go:153.2,153.55 1 1
pvz_service/internal/app/auth/service.go:153.55,155.3 1 1
pvz_service/internal/app/auth/service.go:156.2,156.12 1 1
pvz_service/internal/app/auth/service.go:159.38,161.2 1 1
pvz_service/internal/config/config.go:54.41,58.16 3 0
pvz_service/internal/config/config.go:58.16,60.3 1 0
pvz_service/internal/config/config.go:62.2,62.18 1 0
pvz_service/internal/storage/postgres/postgres.go:18.56,27.16 3 0
pvz_service/internal/storage/postgres/postgres.go:27.16,29.3 1 0
pvz_service/internal/storage/postgres/postgres.go:31.2,35.30 4 0
pvz_service/internal/storage/postgres/postgres.go:38.51,40.2 1 0
pvz_service/internal/storage/postgres/postgres.go:42.33,44.2 1 0
pvz_service/pkg/jwt/mocks/jwt_mock.go:32.69,36.2 3 1
pvz_service/pkg/jwt/mocks/jwt_mock.go:39.67,41.2 1 1
pvz_service/pkg/jwt/mocks/jwt_mock.go:44.83,50.2 5 1
pvz_service/pkg/jwt/mocks/jwt_mock.go:53.78,56.2 2 1
pvz_service/pkg/jwt/mocks/jwt_mock.go:59.86,65.2 5 0
pvz_service/pkg/jwt/mocks/jwt_mock.go:68.85,71.2 2 0
pvz_service/internal/config/config.go:54.41,58.16 3 0
pvz_service/internal/config/config.go:58.16,60.3 1 0
pvz_service/internal/config/config.go:62.2,62.18 1 0
pvz_service/internal/server/router.go:26.12,64.2 16 0
pvz_service/internal/server/grpc/server.go:16.65,20.2 1 0
pvz_service/internal/server/grpc/server.go:22.119,24.16 2 0
pvz_service/internal/server/grpc/server.go:24.16,26.3 1 0
pvz_service/internal/server/grpc/server.go:28.2,29.31 2 0
pvz_service/internal/server/grpc/server.go:29.31,37.3 2 0
pvz_service/internal/server/grpc/server.go:39.2,41.8 1 0
pvz_service/internal/storage/postgres/postgres.go:18.56,27.16 3 0
pvz_service/internal/storage/postgres/postgres.go:27.16,29.3 1 0
pvz_service/internal/storage/postgres/postgres.go:31.2,35.30 4 0
pvz_service/internal/storage/postgres/postgres.go:38.51,40.2 1 0
pvz_service/internal/storage/postgres/postgres.go:42.33,44.2 1 0
pvz_service/internal/app/product/mocks/repository_mock.go:34.71,38.2 3 1
pvz_service/internal/app/product/mocks/repository_mock.go:41.69,43.2 1 1
pvz_service/internal/app/product/mocks/repository_mock.go:46.110,52.2 5 1
pvz_service/internal/app/product/mocks/repository_mock.go:55.81,58.2 2 1
pvz_service/internal/app/product/mocks/repository_mock.go:61.113,67.2 5 1
pvz_service/internal/app/product/mocks/repository_mock.go:70.91,73.2 2 1
pvz_service/internal/app/product/mocks/service_mock.go:34.77,38.2 3 1
pvz_service/internal/app/product/mocks/service_mock.go:41.75,43.2 1 1
pvz_service/internal/app/product/mocks/service_mock.go:46.143,52.2 5 1
pvz_service/internal/app/product/mocks/service_mock.go:55.101,58.2 2 1
pvz_service/internal/app/product/mocks/service_mock.go:61.117,67.2 5 1
pvz_service/internal/app/product/mocks/service_mock.go:70.95,73.2 2 1
pvz_service/internal/config/config.go:54.41,58.16 3 0
pvz_service/internal/config/config.go:58.16,60.3 1 0
pvz_service/internal/config/config.go:62.2,62.18 1 0
pvz_service/internal/storage/postgres/postgres.go:18.56,27.16 3 0
pvz_service/internal/storage/postgres/postgres.go:27.16,29.3 1 0
pvz_service/internal/storage/postgres/postgres.go:31.2,35.30 4 0
pvz_service/internal/storage/postgres/postgres.go:38.51,40.2 1 0
pvz_service/internal/storage/postgres/postgres.go:42.33,44.2 1 0
pvz_service/pkg/metrics/metrics.go:40.24,42.12 2 0
pvz_service/pkg/metrics/metrics.go:42.12,44.3 1 0
pvz_service/pkg/metrics/metrics.go:47.81,50.2 2 0
pvz_service/pkg/jwt/mocks/jwt_mock.go:32.69,36.2 3 0
pvz_service/pkg/jwt/mocks/jwt_mock.go:39.67,41.2 1 0
pvz_service/pkg/jwt/mocks/jwt_mock.go:44.83,50.2 5 0
pvz_service/pkg/jwt/mocks/jwt_mock.go:53.78,56.2 2 0
pvz_service/pkg/jwt/mocks/jwt_mock.go:59.86,65.2 5 0
pvz_service/pkg/jwt/mocks/jwt_mock.go:68.85,71.2 2 0
pvz_service/pkg/metrics/metrics.go:40.24,42.12 2 0
pvz_service/pkg/metrics/metrics.go:42.12,44.3 1 0
pvz_service/pkg/metrics/metrics.go:47.81,50.2 2 0
pvz_service/internal/app/pvz/mocks/repository_mock.go:34.65,38.2 3 1
pvz_service/internal/app/pvz/mocks/repository_mock.go:41.63,43.2 1 1
pvz_service/internal/app/pvz/mocks/repository_mock.go:46.90,52.2 5 1
pvz_service/internal/app/pvz/mocks/repository_mock.go:55.77,58.2 2 1
pvz_service/internal/app/pvz/mocks/repository_mock.go:61.150,67.2 5 1
pvz_service/internal/app/pvz/mocks/repository_mock.go:70.115,73.2 2 1
pvz_service/internal/app/pvz/mocks/service_mock.go:33.77,37.2 3 1
pvz_service/internal/app/pvz/mocks/service_mock.go:40.75,42.2 1 1
pvz_service/internal/app/pvz/mocks/service_mock.go:45.119,51.2 5 1
pvz_service/internal/app/pvz/mocks/service_mock.go:54.93,57.2 2 1
pvz_service/internal/app/pvz/mocks/service_mock.go:60.148,66.2 5 1
pvz_service/internal/app/pvz/mocks/service_mock.go:69.121,72.2 2 1
pvz_service/internal/config/config.go:54.41,58.16 3 0
pvz_service/internal/config/config.go:58.16,60.3 1 0
pvz_service/internal/config/config.go:62.2,62.18 1 0
pvz_service/internal/storage/postgres/postgres.go:18.56,27.16 3 0
pvz_service/internal/storage/postgres/postgres.go:27.16,29.3 1 0
pvz_service/internal/storage/postgres/postgres.go:31.2,35.30 4 0
pvz_service/internal/storage/postgres/postgres.go:38.51,40.2 1 0
pvz_service/internal/storage/postgres/postgres.go:42.33,44.2 1 0
pvz_service/pkg/metrics/metrics.go:40.24,42.12 2 0
pvz_service/pkg/metrics/metrics.go:42.12,44.3 1 0
pvz_service/pkg/metrics/metrics.go:47.81,50.2 2 0
pvz_service/pkg/middleware/metrics/metrics.go:10.56,11.71 1 0
pvz_service/pkg/middleware/metrics/metrics.go:11.71,19.3 5 0
pvz_service/pkg/middleware/metrics/metrics.go:27.49,30.2 2 0
pvz_service/internal/app/pvz/handler.go:20.81,25.2 1 1
pvz_service/internal/app/pvz/handler.go:27.73,36.9 4 1
pvz_service/internal/app/pvz/handler.go:36.9,40.3 3 1
pvz_service/internal/app/pvz/handler.go:42.2,46.16 4 1
pvz_service/internal/app/pvz/handler.go:46.16,50.3 3 1
pvz_service/internal/app/pvz/handler.go:52.2,53.16 2 1
pvz_service/internal/app/pvz/handler.go:53.16,57.3 3 1
pvz_service/internal/app/pvz/handler.go:59.2,67.4 3 1
pvz_service/internal/app/pvz/handler.go:71.73,87.16 9 1
pvz_service/internal/app/pvz/handler.go:87.16,91.3 3 1
pvz_service/internal/app/pvz/handler.go:93.2,93.51 1 1
pvz_service/internal/app/pvz/repository.go:32.56,36.2 1 1
pvz_service/internal/app/pvz/repository.go:38.71,56.16 4 1
pvz_service/internal/app/pvz/repository.go:56.16,58.3 1 1
pvz_service/internal/app/pvz/repository.go:60.2,60.25 1 1
pvz_service/internal/app/pvz/repository.go:69.33,84.16 4 1
pvz_service/internal/app/pvz/repository.go:84.16,86.3 1 1
pvz_service/internal/app/pvz/repository.go:87.2,90.18 3 1
pvz_service/internal/app/pvz/repository.go:90.18,92.78 2 1
pvz_service/internal/app/pvz/repository.go:92.78,94.4 1 0
pvz_service/internal/app/pvz/repository.go:96.3,97.17 2 1
pvz_service/internal/app/pvz/repository.go:97.17,99.4 1 0
pvz_service/internal/app/pvz/repository.go:101.3,104.5 1 1
pvz_service/internal/app/pvz/repository.go:107.2,107.20 1 1
pvz_service/internal/app/pvz/repository.go:115.37,126.16 3 1
pvz_service/internal/app/pvz/repository.go:126.16,128.3 1 1
pvz_service/internal/app/pvz/repository.go:129.2,133.18 3 1
pvz_service/internal/app/pvz/repository.go:133.18,135.72 2 1
pvz_service/internal/app/pvz/repository.go:135.72,137.4 1 1
pvz_service/internal/app/pvz/repository.go:138.3,141.17 3 1
pvz_service/internal/app/pvz/repository.go:141.17,143.4 1 1
pvz_service/internal/app/pvz/repository.go:145.3,148.5 1 1
pvz_service/internal/app/pvz/repository.go:151.2,151.20 1 1
pvz_service/internal/app/pvz/repository.go:154.111,163.16 3 1
pvz_service/internal/app/pvz/repository.go:163.16,165.3 1 1
pvz_service/internal/app/pvz/repository.go:166.2,169.18 3 1
pvz_service/internal/app/pvz/repository.go:169.18,171.84 2 1
pvz_service/internal/app/pvz/repository.go:171.84,173.4 1 1
pvz_service/internal/app/pvz/repository.go:174.3,174.35 1 1
pvz_service/internal/app/pvz/repository.go:177.2,177.22 1 1
pvz_service/internal/app/pvz/service.go:29.75,34.2 1 1
pvz_service/internal/app/pvz/service.go:36.98,45.16 4 1
pvz_service/internal/app/pvz/service.go:45.16,47.3 1 1
pvz_service/internal/app/pvz/service.go:49.2,57.16 4 1
pvz_service/internal/app/pvz/service.go:57.16,60.3 2 1
pvz_service/internal/app/pvz/service.go:62.2,62.24 1 1
pvz_service/internal/app/pvz/service.go:71.33,80.16 4 1
pvz_service/internal/app/pvz/service.go:80.16,83.3 2 1
pvz_service/internal/app/pvz/service.go:85.2,86.16 2 1
pvz_service/internal/app/pvz/service.go:86.16,89.3 2 1
pvz_service/internal/app/pvz/service.go:91.2,92.16 2 1
pvz_service/internal/app/pvz/service.go:92.16,95.3 2 1
pvz_service/internal/app/pvz/service.go:97.2,98.16 2 1
pvz_service/internal/app/pvz/service.go:98.16,101.3 2 1
pvz_service/internal/app/pvz/service.go:103.2,104.16 2 1
pvz_service/internal/app/pvz/service.go:104.16,107.3 2 1
pvz_service/internal/app/pvz/service.go:109.2,109.17 1 1
pvz_service/internal/app/pvz/service.go:112.61,114.33 2 1
pvz_service/internal/app/pvz/service.go:114.33,115.30 1 1
pvz_service/internal/app/pvz/service.go:115.30,117.4 1 1
pvz_service/internal/app/pvz/service.go:120.2,120.79 1 1
pvz_service/internal/app/pvz/service.go:123.51,124.16 1 1
pvz_service/internal/app/pvz/service.go:124.16,126.3 1 1
pvz_service/internal/app/pvz/service.go:128.2,129.16 2 1
pvz_service/internal/app/pvz/service.go:129.16,131.3 1 1
pvz_service/internal/app/pvz/service.go:133.2,133.17 1 1
pvz_service/internal/app/pvz/service.go:133.17,135.3 1 1
pvz_service/internal/app/pvz/service.go:137.2,137.21 1 1
pvz_service/internal/app/pvz/service.go:140.53,141.17 1 1
pvz_service/internal/app/pvz/service.go:141.17,143.3 1 1
pvz_service/internal/app/pvz/service.go:145.2,146.16 2 1
pvz_service/internal/app/pvz/service.go:146.16,148.3 1 1
pvz_service/internal/app/pvz/service.go:150.2,150.35 1 1
pvz_service/internal/app/pvz/service.go:150.35,152.3 1 1
pvz_service/internal/app/pvz/service.go:154.2,154.22 1 1
pvz_service/internal/app/pvz/service.go:157.55,158.19 1 1
pvz_service/internal/app/pvz/service.go:158.19,160.3 1 1
pvz_service/internal/app/pvz/service.go:162.2,163.16 2 1
pvz_service/internal/app/pvz/service.go:163.16,165.3 1 1
pvz_service/internal/app/pvz/service.go:167.2,167.16 1 1
pvz_service/internal/config/config.go:54.41,58.16 3 0
pvz_service/internal/config/config.go:58.16,60.3 1 0
pvz_service/internal/config/config.go:62.2,62.18 1 0
pvz_service/internal/storage/postgres/postgres.go:18.56,27.16 3 0
pvz_service/internal/storage/postgres/postgres.go:27.16,29.3 1 0
pvz_service/internal/storage/postgres/postgres.go:31.2,35.30 4 0
pvz_service/internal/storage/postgres/postgres.go:38.51,40.2 1 0
pvz_service/internal/storage/postgres/postgres.go:42.33,44.2 1 0
pvz_service/pkg/jwt/mocks/jwt_mock.go:32.69,36.2 3 1
pvz_service/pkg/jwt/mocks/jwt_mock.go:39.67,41.2 1 0
pvz_service/pkg/jwt/mocks/jwt_mock.go:44.83,50.2 5 0
pvz_service/pkg/jwt/mocks/jwt_mock.go:53.78,56.2 2 0
pvz_service/pkg/jwt/mocks/jwt_mock.go:59.86,65.2 5 0
pvz_service/pkg/jwt/mocks/jwt_mock.go:68.85,71.2 2 0
pvz_service/pkg/metrics/metrics.go:40.24,42.12 2 0
pvz_service/pkg/metrics/metrics.go:42.12,44.3 1 0
pvz_service/pkg/metrics/metrics.go:47.81,50.2 2 0
pvz_service/internal/app/reception/handler.go:22.93,27.2 1 1
pvz_service/internal/app/reception/handler.go:29.82,39.16 5 1
pvz_service/internal/app/reception/handler.go:39.16,43.3 3 1
pvz_service/internal/app/reception/handler.go:45.2,46.16 2 1
pvz_service/internal/app/reception/handler.go:46.16,50.3 3 1
pvz_service/internal/app/reception/handler.go:52.2,61.4 3 1
pvz_service/internal/app/reception/handler.go:64.83,74.16 5 1
pvz_service/internal/app/reception/handler.go:74.16,78.3 3 1
pvz_service/internal/app/reception/handler.go:80.2,85.16 3 1
pvz_service/internal/app/reception/handler.go:85.16,89.3 3 1
pvz_service/internal/app/reception/handler.go:91.2,98.4 2 1
pvz_service/internal/app/reception/repository.go:27.62,31.2 1 1
pvz_service/internal/app/reception/repository.go:33.95,53.16 4 1
pvz_service/internal/app/reception/repository.go:53.16,55.3 1 1
pvz_service/internal/app/reception/repository.go:57.2,57.28 1 1
pvz_service/internal/app/reception/repository.go:61.84,74.16 4 1
pvz_service/internal/app/reception/repository.go:74.16,75.36 1 1
pvz_service/internal/app/reception/repository.go:75.36,77.4 1 1
pvz_service/internal/app/reception/repository.go:78.3,78.20 1 1
pvz_service/internal/app/reception/repository.go:81.2,81.23 1 1
pvz_service/internal/app/reception/repository.go:84.98,99.16 4 1
pvz_service/internal/app/reception/repository.go:99.16,100.36 1 1
pvz_service/internal/app/reception/repository.go:100.36,102.4 1 1
pvz_service/internal/app/reception/repository.go:103.3,103.30 1 1
pvz_service/internal/app/reception/repository.go:106.2,106.31 1 1
pvz_service/internal/app/reception/repository.go:109.95,129.16 4 1
pvz_service/internal/app/reception/repository.go:129.16,131.3 1 1
pvz_service/internal/app/reception/repository.go:133.2,133.28 1 1
pvz_service/internal/app/reception/service.go:27.87,32.2 1 1
pvz_service/internal/app/reception/service.go:37.23,46.16 4 1
pvz_service/internal/app/reception/service.go:46.16,49.3 2 1
pvz_service/internal/app/reception/service.go:51.2,51.15 1 1
pvz_service/internal/app/reception/service.go:51.15,54.3 2 1
pvz_service/internal/app/reception/service.go:56.2,57.16 2 1
pvz_service/internal/app/reception/service.go:57.16,60.3 2 1
pvz_service/internal/app/reception/service.go:62.2,62.24 1 1
pvz_service/internal/app/reception/service.go:62.24,68.3 2 1
pvz_service/internal/app/reception/service.go:70.2,76.16 3 1
pvz_service/internal/app/reception/service.go:76.16,79.3 2 1
pvz_service/internal/app/reception/service.go:81.2,81.27 1 1
pvz_service/internal/app/reception/service.go:87.23,96.16 4 1
pvz_service/internal/app/reception/service.go:96.16,99.3 2 1
pvz_service/internal/app/reception/service.go:101.2,101.15 1 1
pvz_service/internal/app/reception/service.go:101.15,104.3 2 1
pvz_service/internal/app/reception/service.go:106.2,107.16 2 1
pvz_service/internal/app/reception/service.go:107.16,110.3 2 1
pvz_service/internal/app/reception/service.go:112.2,112.25 1 1
pvz_service/internal/app/reception/service.go:112.25,115.3 2 1
pvz_service/internal/app/reception/service.go:117.2,118.16 2 1
pvz_service/internal/app/reception/service.go:118.16,121.3 2 1
pvz_service/internal/app/reception/service.go:123.2,123.28 1 1
pvz_service/internal/config/config.go:54.41,58.16 3 0
pvz_service/internal/config/config.go:58.16,60.3 1 0
pvz_service/internal/config/config.go:62.2,62.18 1 0
pvz_service/internal/storage/postgres/postgres.go:18.56,27.16 3 0
pvz_service/internal/storage/postgres/postgres.go:27.16,29.3 1 0
pvz_service/internal/storage/postgres/postgres.go:31.2,35.30 4 0
pvz_service/internal/storage/postgres/postgres.go:38.51,40.2 1 0
pvz_service/internal/storage/postgres/postgres.go:42.33,44.2 1 0
pvz_service/pkg/metrics/metrics.go:40.24,42.12 2 0
pvz_service/pkg/metrics/metrics.go:42.12,44.3 1 0
pvz_service/pkg/metrics/metrics.go:47.81,50.2 2 0
pvz_service/protos/gen/go/pvz.pb.go:43.50,47.2 3 0
pvz_service/protos/gen/go/pvz.pb.go:49.42,51.2 1 0
pvz_service/protos/gen/go/pvz.pb.go:53.65,55.2 1 0
pvz_service/protos/gen/go/pvz.pb.go:57.53,59.2 1 0
pvz_service/protos/gen/go/pvz.pb.go:61.59,63.2 1 0
pvz_service/protos/gen/go/pvz.pb.go:66.57,68.2 1 0
pvz_service/protos/gen/go/pvz.pb.go:80.23,82.29 2 0
pvz_service/protos/gen/go/pvz.pb.go:82.29,86.3 3 0
pvz_service/protos/gen/go/pvz.pb.go:89.31,91.2 1 0
pvz_service/protos/gen/go/pvz.pb.go:93.29,93.30 0 0
pvz_service/protos/gen/go/pvz.pb.go:95.51,97.41 2 0
pvz_service/protos/gen/go/pvz.pb.go:97.41,99.34 2 0
pvz_service/protos/gen/go/pvz.pb.go:99.34,101.4 1 0
pvz_service/protos/gen/go/pvz.pb.go:102.3,102.12 1 0
pvz_service/protos/gen/go/pvz.pb.go:104.2,104.24 1 0
pvz_service/protos/gen/go/pvz.pb.go:108.42,110.2 1 0
pvz_service/protos/gen/go/pvz.pb.go:112.30,113.14 1 0
pvz_service/protos/gen/go/pvz.pb.go:113.14,115.3 1 0
pvz_service/protos/gen/go/pvz.pb.go:116.2,116.11 1 0
pvz_service/protos/gen/go/pvz.pb.go:119.60,120.14 1 0
pvz_service/protos/gen/go/pvz.pb.go:120.14,122.3 1 0
pvz_service/protos/gen/go/pvz.pb.go:123.2,123.12 1 0
pvz_service/protos/gen/go/pvz.pb.go:126.32,127.14 1 0
pvz_service/protos/gen/go/pvz.pb.go:127.14,129.3 1 0
pvz_service/protos/gen/go/pvz.pb.go:130.2,130.11 1 0
pvz_service/protos/gen/go/pvz.pb.go:139.37,141.29 2 0
pvz_service/protos/gen/go/pvz.pb.go:141.29,145.3 3 0
pvz_service/protos/gen/go/pvz.pb.go:148.45,150.2 1 0
pvz_service/protos/gen/go/pvz.pb.go:152.43,152.44 0 0
pvz_service/protos/gen/go/pvz.pb.go:154.65,156.41 2 0
pvz_service/protos/gen/go/pvz.pb.go:156.41,158.34 2 0
pvz_service/protos/gen/go/pvz.pb.go:158.34,160.4 1 0
pvz_service/protos/gen/go/pvz.pb.go:161.3,161.12 1 0
pvz_service/protos/gen/go/pvz.pb.go:163.2,163.24 1 0
pvz_service/protos/gen/go/pvz.pb.go:167.56,169.2 1 0
pvz_service/protos/gen/go/pvz.pb.go:179.38,181.29 2 0
pvz_service/protos/gen/go/pvz.pb.go:181.29,185.3 3 0
pvz_service/protos/gen/go/pvz.pb.go:188.46,190.2 1 0
pvz_service/protos/gen/go/pvz.pb.go:192.44,192.45 0 0
pvz_service/protos/gen/go/pvz.pb.go:194.66,196.41 2 0
pvz_service/protos/gen/go/pvz.pb.go:196.41,198.34 2 0
pvz_service/protos/gen/go/pvz.pb.go:198.34,200.4 1 0
pvz_service/protos/gen/go/pvz.pb.go:201.3,201.12 1 0
pvz_service/protos/gen/go/pvz.pb.go:203.2,203.24 1 0
pvz_service/protos/gen/go/pvz.pb.go:207.57,209.2 1 0
pvz_service/protos/gen/go/pvz.pb.go:211.47,212.14 1 0
pvz_service/protos/gen/go/pvz.pb.go:212.14,214.3 1 0
pvz_service/protos/gen/go/pvz.pb.go:215.2,215.12 1 0
pvz_service/protos/gen/go/pvz.pb.go:257.42,258.39 1 0
pvz_service/protos/gen/go/pvz.pb.go:258.39,260.3 1 0
pvz_service/protos/gen/go/pvz.pb.go:261.2,261.35 1 0
pvz_service/protos/gen/go/pvz.pb.go:285.13,285.38 1 0
pvz_service/protos/gen/go/pvz.pb.go:286.28,287.27 1 0
pvz_service/protos/gen/go/pvz.pb.go:287.27,289.3 1 0
pvz_service/protos/gen/go/pvz.pb.go:290.2,290.30 1 0
pvz_service/protos/gen/go/pvz.pb.go:290.30,291.80 1 0
pvz_service/protos/gen/go/pvz.pb.go:291.80,292.28 1 0
pvz_service/protos/gen/go/pvz.pb.go:293.11,294.20 1 0
pvz_service/protos/gen/go/pvz.pb.go:295.11,296.24 1 0
pvz_service/protos/gen/go/pvz.pb.go:297.11,298.28 1 0
pvz_service/protos/gen/go/pvz.pb.go:299.12,300.15 1 0
pvz_service/protos/gen/go/pvz.pb.go:303.3,303.80 1 0
pvz_service/protos/gen/go/pvz.pb.go:303.80,304.42 1 0
pvz_service/protos/gen/go/pvz.pb.go:305.11,306.20 1 0
pvz_service/protos/gen/go/pvz.pb.go:307.11,308.24 1 0
pvz_service/protos/gen/go/pvz.pb.go:309.11,310.28 1 0
pvz_service/protos/gen/go/pvz.pb.go:311.12,312.15 1 0
pvz_service/protos/gen/go/pvz.pb.go:315.3,315.80 1 0
pvz_service/protos/gen/go/pvz.pb.go:315.80,316.43 1 0
pvz_service/protos/gen/go/pvz.pb.go:317.11,318.20 1 0
pvz_service/protos/gen/go/pvz.pb.go:319.11,320.24 1 0
pvz_service/protos/gen/go/pvz.pb.go:321.11,322.28 1 0
pvz_service/protos/gen/go/pvz.pb.go:323.12,324.15 1 0
pvz_service/protos/gen/go/pvz.pb.go:328.2,346.30 6 0
pvz_service/protos/gen/go/pvz_grpc.pb.go:32.72,34.2 1 0
pvz_service/protos/gen/go/pvz_grpc.pb.go:36.137,39.16 3 0
pvz_service/protos/gen/go/pvz_grpc.pb.go:39.16,41.3 1 0
pvz_service/protos/gen/go/pvz_grpc.pb.go:42.2,42.17 1 0
pvz_service/protos/gen/go/pvz_grpc.pb.go:57.115,59.2 1 0
pvz_service/protos/gen/go/pvz_grpc.pb.go:60.80,60.81 0 0
pvz_service/protos/gen/go/pvz_grpc.pb.go:69.78,71.2 1 0
pvz_service/protos/gen/go/pvz_grpc.pb.go:73.166,75.32 2 0
pvz_service/protos/gen/go/pvz_grpc.pb.go:75.32,77.3 1 0
pvz_service/protos/gen/go/pvz_grpc.pb.go:78.2,78.24 1 0
pvz_service/protos/gen/go/pvz_grpc.pb.go:78.24,80.3 1 0
pvz_service/protos/gen/go/pvz_grpc.pb.go:81.2,85.77 2 0
pvz_service/protos/gen/go/pvz_grpc.pb.go:85.77,87.3 1 0
pvz_service/protos/gen/go/pvz_grpc.pb.go:88.2,88.44 1 0
pvz_service/internal/app/reception/mocks/repository_mock.go:34.71,38.2 3 1
pvz_service/internal/app/reception/mocks/repository_mock.go:41.69,43.2 1 1
pvz_service/internal/app/reception/mocks/repository_mock.go:46.111,53.2 6 1
pvz_service/internal/app/reception/mocks/repository_mock.go:56.90,59.2 2 1
pvz_service/internal/app/reception/mocks/repository_mock.go:62.97,68.2 5 1
pvz_service/internal/app/reception/mocks/repository_mock.go:71.87,74.2 2 1
pvz_service/internal/app/reception/mocks/repository_mock.go:77.118,83.2 5 1
pvz_service/internal/app/reception/mocks/repository_mock.go:86.92,89.2 2 1
pvz_service/internal/app/reception/mocks/repository_mock.go:92.123,98.2 5 1
pvz_service/internal/app/reception/mocks/repository_mock.go:101.86,104.2 2 1
pvz_service/internal/app/reception/mocks/service_mock.go:33.77,37.2 3 1
pvz_service/internal/app/reception/mocks/service_mock.go:40.75,42.2 1 1
pvz_service/internal/app/reception/mocks/service_mock.go:45.156,51.2 5 1
pvz_service/internal/app/reception/mocks/service_mock.go:54.107,57.2 2 1
pvz_service/internal/app/reception/mocks/service_mock.go:60.154,66.2 5 1
pvz_service/internal/app/reception/mocks/service_mock.go:69.106,72.2 2 1
pvz_service/internal/config/config.go:54.41,58.16 3 0
pvz_service/internal/config/config.go:58.16,60.3 1 0
pvz_service/internal/config/config.go:62.2,62.18 1 0
pvz_service/internal/storage/postgres/postgres.go:18.56,27.16 3 0
pvz_service/internal/storage/postgres/postgres.go:27.16,29.3 1 0
pvz_service/internal/storage/postgres/postgres.go:31.2,35.30 4 0
pvz_service/internal/storage/postgres/postgres.go:38.51,40.2 1 0
pvz_service/internal/storage/postgres/postgres.go:42.33,44.2 1 0
pvz_service/pkg/metrics/metrics.go:40.24,42.12 2 0
pvz_service/pkg/metrics/metrics.go:42.12,44.3 1 0
pvz_service/pkg/metrics/metrics.go:47.81,50.2 2 0
pvz_service/internal/lib/logger/setup.go:14.43,17.13 2 1
pvz_service/internal/lib/logger/setup.go:18.16,24.4 1 1
pvz_service/internal/lib/logger/setup.go:25.14,31.4 1 1
pvz_service/internal/lib/logger/setup.go:32.15,38.4 1 1
pvz_service/internal/lib/logger/setup.go:41.2,41.14 1 1
pvz_service/internal/lib/logger/sl/sl.go:7.31,12.2 1 1
pvz_service/internal/lib/logger/sl/sl.go:14.30,19.2 1 1
pvz_service/internal/config/config.go:54.41,58.16 3 0
pvz_service/internal/config/config.go:58.16,60.3 1 0
pvz_service/internal/config/config.go:62.2,62.18 1 0
pvz_service/internal/storage/postgres/postgres.go:18.56,27.16 3 0
pvz_service/internal/storage/postgres/postgres.go:27.16,29.3 1 0
pvz_service/internal/storage/postgres/postgres.go:31.2,35.30 4 0
pvz_service/internal/storage/postgres/postgres.go:38.51,40.2 1 0
pvz_service/internal/storage/postgres/postgres.go:42.33,44.2 1 0
pvz_service/pkg/jwt/jwt.go:17.50,20.78 1 1
pvz_service/pkg/jwt/jwt.go:20.78,22.4 1 1
pvz_service/pkg/jwt/jwt.go:35.73,45.16 4 1
pvz_service/pkg/jwt/jwt.go:45.16,47.3 1 1
pvz_service/pkg/jwt/jwt.go:49.2,51.8 1 1
pvz_service/pkg/jwt/jwt.go:54.88,55.79 1 1
pvz_service/pkg/jwt/jwt.go:55.79,57.3 1 1
pvz_service/pkg/jwt/jwt.go:58.2,58.32 1 1
pvz_service/pkg/jwt/jwt.go:58.32,60.3 1 1
pvz_service/pkg/jwt/jwt.go:62.2,63.9 2 1
pvz_service/pkg/jwt/jwt.go:63.9,65.3 1 0
pvz_service/pkg/jwt/jwt.go:67.2,67.20 1 1
pvz_service/pkg/jwt/mocks/jwt_mock.go:32.69,36.2 3 1
pvz_service/pkg/jwt/mocks/jwt_mock.go:39.67,41.2 1 1
pvz_service/pkg/jwt/mocks/jwt_mock.go:44.83,50.2 5 0
pvz_service/pkg/jwt/mocks/jwt_mock.go:53.78,56.2 2 0
pvz_service/pkg/jwt/mocks/jwt_mock.go:59.86,65.2 5 1
pvz_service/pkg/jwt/mocks/jwt_mock.go:68.85,71.2 2 1
pvz_service/pkg/middleware/auth/auth.go:13.87,14.46 1 1
pvz_service/pkg/middleware/auth/auth.go:14.46,15.72 1 1
pvz_service/pkg/middleware/auth/auth.go:15.72,19.25 2 1
pvz_service/pkg/middleware/auth/auth.go:19.25,23.5 3 1
pvz_service/pkg/middleware/auth/auth.go:25.4,28.18 3 1
pvz_service/pkg/middleware/auth/auth.go:28.18,32.5 3 1
pvz_service/pkg/middleware/auth/auth.go:34.4,35.11 2 1
pvz_service/pkg/middleware/auth/auth.go:35.11,39.5 3 1
pvz_service/pkg/middleware/auth/auth.go:41.4,43.41 2 1
pvz_service/pkg/middleware/auth/auth.go:48.74,49.46 1 1
pvz_service/pkg/middleware/auth/auth.go:49.46,50.72 1 1
pvz_service/pkg/middleware/auth/auth.go:50.72,53.11 3 1
pvz_service/pkg/middleware/auth/auth.go:53.11,56.5 2 1
pvz_service/pkg/middleware/auth/auth.go:58.4,58.47 1 1
pvz_service/pkg/middleware/auth/auth.go:58.47,59.29 1 1
pvz_service/pkg/middleware/auth/auth.go:59.29,62.6 2 1
pvz_service/pkg/middleware/auth/auth.go:65.4,65.86 1 1
pvz_service/pkg/middleware/mwLogger/logger.go:11.65,12.46 1 1
pvz_service/pkg/middleware/mwLogger/logger.go:12.46,19.54 3 1
pvz_service/pkg/middleware/mwLogger/logger.go:19.54,31.17 4 1
pvz_service/pkg/middleware/mwLogger/logger.go:31.17,37.5 1 1
pvz_service/pkg/middleware/mwLogger/logger.go:39.4,39.25 1 1
pvz_service/pkg/middleware/mwLogger/logger.go:42.3,42.30 1 1
pvz_service/pkg/response/response.go:12.73,18.16 4 1
pvz_service/pkg/response/response.go:18.16,21.3 2 0
pvz_service/pkg/response/response.go:24.71,28.16 4 1
pvz_service/pkg/response/response.go:28.16,30.3 1 0
pvz_service/internal/config/config.go:54.41,58.16 3 1
pvz_service/internal/config/config.go:58.16,60.3 1 0
pvz_service/internal/config/config.go:62.2,62.18 1 1
pvz_service/internal/server/router.go:26.12,64.2 16 1
pvz_service/internal/storage/postgres/postgres.go:18.56,27.16 3 1
pvz_service/internal/storage/postgres/postgres.go:27.16,29.3 1 0
pvz_service/internal/storage/postgres/postgres.go:31.2,35.30 4 1
pvz_service/internal/storage/postgres/postgres.go:38.51,40.2 1 1
pvz_service/internal/storage/postgres/postgres.go:42.33,44.2 1 1
pvz_service/pkg/metrics/metrics.go:40.24,42.12 2 0
pvz_service/pkg/metrics/metrics.go:42.12,44.3 1 0
pvz_service/pkg/metrics/metrics.go:47.81,50.2 2 1
pvz_service/pkg/middleware/metrics/metrics.go:10.56,11.71 1 1
pvz_service/pkg/middleware/metrics/metrics.go:11.71,19.3 5 1
pvz_service/pkg/middleware/metrics/metrics.go:27.49,30.2 2 1
